[
    {
      "id": 10,
      "name": "Manchester United",
      "strip": "red",
      "firm": "weak"
    },
    {
      "id": 11,
      "name": "Liverpool",
      "strip": "black",
      "firm": "strong"
    },
    {
      "id": 12,
      "name": "Chelsea",
      "strip": "green",
      "firm": "weak"
    }
]
