{
  "teams": [
    {
      "id": 1,
      "name": "Manchester United",
      "strip": "red",
      "firm": "weak"
    },
    {
      "id": 1,
      "name": "Liverpool",
      "strip": "black",
      "firm": "strong"
    },
    {
      "id": 1,
      "name": "Chelsea",
      "strip": "green",
      "firm": "weak"
    },
  ]
}